---
source: crates/testing/src/autodiscover.rs
input_file: examples/calc/generated_bindings/Python/calc/__init__.py
---
'''
Bindings to Michael-F-Bryan/calc v0.0.0.
'''

# Generated by wasmer-pack vX.Y.Z.

from wasmer import Store as _Store # type: ignore
from .bindings import Bindings as _Bindings

__version__ = "x.y.z"

_store = _Store()
bindings = _Bindings(_store)
