---
source: crates/cli/tests/known_packages.rs
expression: "format!(\"{meta:#}\")"
---
{
  "bindings": [
    {
      "interface_name": "hello-world",
      "wasi": false
    }
  ],
  "commands": [],
  "description": null,
  "name": "wai/tutorial-01",
  "version": "0.1.1"
}
