---
source: crates/testing/src/autodiscover.rs
input_file: examples/hello-wasi/generated_bindings/Python/pyproject.toml
---
[project]
name = "hello_wasi"
version = "x.y.z"
keywords = []
dependencies = ["wasmer", "wasmer_compiler_cranelift"]

[build-system]
requires = ["setuptools", "setuptools-scm"]
build-backend = "setuptools.build_meta"

