---
source: crates/testing/src/autodiscover.rs
input_file: crates/wasm/generated_bindings/Python
---
[
    "generated_bindings/Python/MANIFEST.in",
    "generated_bindings/Python/pyproject.toml",
    "generated_bindings/Python/wasmer_pack/__init__.py",
    "generated_bindings/Python/wasmer_pack/bindings/__init__.py",
    "generated_bindings/Python/wasmer_pack/bindings/wasmer_pack/__init__.py",
    "generated_bindings/Python/wasmer_pack/bindings/wasmer_pack/bindings.py",
    "generated_bindings/Python/wasmer_pack/py.typed",
]
