---
source: crates/testing/src/autodiscover.rs
input_file: crates/wasm/generated_bindings/Python/MANIFEST.in
---
include wasmer_pack/py.typed
include wasmer_pack/bindings/wasmer_pack/*.wasm
