---
source: crates/testing/src/autodiscover.rs
input_file: crates/wasm/generated_bindings/Python/wasmer_pack/bindings/__init__.py
---
'''
Bindings to the  library.
'''

from pathlib import Path
from typing import Optional, Any

from wasmer import Store, Module, wasi # type: ignore
from .wasmer_pack.bindings import (
    WasmerPack as _WasmerPack,
)

class Bindings:
    """
    Instantiate bindings to the various libraries in this package.
    """

    def __init__(self, store: Store):
        self._store = store
        self._cache: dict[str, Module] = {}

    def _get_module(self, filename: str) -> Module:
        if filename in self._cache:
            return self._cache[filename]

        wasm = Path(__file__).parent.joinpath(filename).read_bytes()
        module = Module(self._store, wasm)
        self._cache[filename] = module
        return module

    def wasmer_pack(
        self,
        module: Optional[Module] = None,
    ) -> _WasmerPack:
        """
        Instantiate the "wasmer_pack" library.
        :param module: A user-specified WebAssembly module to use instead of the
                       one bundled with this package.
        """

        filename = "wasmer_pack/wasmer-pack-wasm.wasm"
        if not module:
            module = self._get_module(filename)

        imports: dict[str, Any] = {}

        wrapper = None

        def get_export(item_name: str):
            assert wrapper is not None
            return getattr(wrapper.instance.exports, item_name)

        wrapper = _WasmerPack(self._store, imports, module)
        return wrapper
    
