---
source: crates/testing/src/autodiscover.rs
input_file: crates/wasm/generated_bindings/Python/wasmer_pack/__init__.py
---
'''
Bindings to wasmer/wasmer-pack vX.Y.Z.
'''

# Generated by wasmer-pack vX.Y.Z.

from wasmer import Store as _Store # type: ignore
from .bindings import Bindings as _Bindings

__version__ = "0.6.0"

_store = _Store()
bindings = _Bindings(_store)
