---
source: crates/testing/src/autodiscover.rs
input_file: crates/wasm/generated_bindings/Python/wasmer_pack/bindings/wasmer_pack/__init__.py
---
from .bindings import *
