---
source: crates/testing/src/autodiscover.rs
input_file: crates/wasm/generated_bindings/JavaScript/package/src/index.d.ts
---
// Generated by wasmer-pack vX.Y.Z.
// @ts-ignore TS7016
import { Wasi, WasiConfig } from "@wasmer/wasi";
import Bindings from "./bindings";

export const bindings: Bindings;

