---
source: crates/testing/src/autodiscover.rs
input_file: crates/wasm/generated_bindings/JavaScript/package/src/index.js
---
// Generated by wasmer-pack vX.Y.Z.
const { Bindings } = require("./bindings/index.js");
exports.bindings = new Bindings();
